C:\Workspace\Especialidad\Sistemas de Comunicaciones\Practica1\Practica01Corregida-main\frdmk64f_lwip_tcpecho_freertos_myssn_Practica_01_Corregida\CMSIS/core_cm4.h:1679:22:__NVIC_EnableIRQ	16	static
C:\Workspace\Especialidad\Sistemas de Comunicaciones\Practica1\Practica01Corregida-main\frdmk64f_lwip_tcpecho_freertos_myssn_Practica_01_Corregida\CMSIS/core_cm4.h:1807:22:__NVIC_SetPriority	16	static
C:\Workspace\Especialidad\Sistemas de Comunicaciones\Practica1\Practica01Corregida-main\frdmk64f_lwip_tcpecho_freertos_myssn_Practica_01_Corregida\CMSIS/core_cm4.h:1829:26:__NVIC_GetPriority	16	static
C:\Workspace\Especialidad\Sistemas de Comunicaciones\Practica1\Practica01Corregida-main\frdmk64f_lwip_tcpecho_freertos_myssn_Practica_01_Corregida\drivers/fsl_common.h:460:28:EnableIRQ	16	static
C:\Workspace\Especialidad\Sistemas de Comunicaciones\Practica1\Practica01Corregida-main\frdmk64f_lwip_tcpecho_freertos_myssn_Practica_01_Corregida\drivers/fsl_port.h:415:20:PORT_SetPinInterruptConfig	24	static
../source/gpioint.c:28:6:PORTA_IRQHandler	8	static
../source/gpioint.c:46:6:PORTC_IRQHandler	8	static
../source/gpioint.c:60:6:BOARD_InitGPIOInterrupts	24	static
