C:\Workspace\Especialidad\Sistemas de Comunicaciones\Practica1\Practica01Corregida-main\frdmk64f_lwip_tcpecho_freertos_myssn_Practica_01_Corregida\drivers/fsl_clock.h:890:20:CLOCK_SetSimSafeDivs	4	static
C:\Workspace\Especialidad\Sistemas de Comunicaciones\Practica1\Practica01Corregida-main\frdmk64f_lwip_tcpecho_freertos_myssn_Practica_01_Corregida\drivers/fsl_clock.h:1230:20:CLOCK_SetXtal0Freq	16	static
C:\Workspace\Especialidad\Sistemas de Comunicaciones\Practica1\Practica01Corregida-main\frdmk64f_lwip_tcpecho_freertos_myssn_Practica_01_Corregida\drivers/fsl_smc.h:256:20:SMC_SetPowerModeProtection	16	static
C:\Workspace\Especialidad\Sistemas de Comunicaciones\Practica1\Practica01Corregida-main\frdmk64f_lwip_tcpecho_freertos_myssn_Practica_01_Corregida\drivers/fsl_smc.h:275:33:SMC_GetPowerModeState	16	static
../board/clock_config.c:81:13:CLOCK_CONFIG_SetFllExtRefDiv	16	static
../board/clock_config.c:89:6:BOARD_InitBootClocks	8	static
../board/clock_config.c:180:6:BOARD_BootClockRUN	8	static
../board/clock_config.c:273:6:BOARD_BootClockVLPR	8	static
